[backblue.gif]
[fade.gif]
[index.html]
[moversco-demo.pbminfotech.com/html-demo/images/favicon.png]
[moversco-demo.pbminfotech.com/html-demo/images/homepage-6/logo.png]
[moversco-demo.pbminfotech.com/html-demo/revolution/images/transparent.png]
[moversco-demo.pbminfotech.com/html-demo/revolution/images/slider-06-b.png]
[moversco-demo.pbminfotech.com/html-demo/revolution/images/slider-06-a.png]
[moversco-demo.pbminfotech.com/html-demo/images/homepage-6/img-01.png]
[moversco-demo.pbminfotech.com/html-demo/images/homepage-6/service/service-01.jpg]
[moversco-demo.pbminfotech.com/html-demo/images/homepage-6/service/service-02.jpg]
[moversco-demo.pbminfotech.com/html-demo/images/homepage-6/service/service-03.jpg]
[moversco-demo.pbminfotech.com/html-demo/images/homepage-6/img-02.png]
[moversco-demo.pbminfotech.com/html-demo/images/homepage-6/team/team-01.jpg]
[moversco-demo.pbminfotech.com/html-demo/images/homepage-6/team/team-02.jpg]
[moversco-demo.pbminfotech.com/html-demo/images/homepage-6/team/team-03.jpg]
[moversco-demo.pbminfotech.com/html-demo/images/homepage-6/team/team-04.jpg]
[moversco-demo.pbminfotech.com/html-demo/images/homepage-6/team/team-05.jpg]
[moversco-demo.pbminfotech.com/html-demo/images/homepage-6/client/Client-01.png]
[moversco-demo.pbminfotech.com/html-demo/images/homepage-6/client/Client-02.png]
[moversco-demo.pbminfotech.com/html-demo/images/homepage-6/client/Client-03.png]
[moversco-demo.pbminfotech.com/html-demo/images/homepage-6/client/Client-04.png]
[moversco-demo.pbminfotech.com/html-demo/images/homepage-6/client/Client-05.png]
[moversco-demo.pbminfotech.com/html-demo/images/homepage-6/client/Client-06.png]
[moversco-demo.pbminfotech.com/html-demo/images/homepage-6/testimonial/testimonial-01.jpg]
[moversco-demo.pbminfotech.com/html-demo/images/homepage-6/testimonial/testimonial-02.jpg]
[moversco-demo.pbminfotech.com/html-demo/images/homepage-6/testimonial/testimonial-03.jpg]
[moversco-demo.pbminfotech.com/html-demo/images/homepage-6/testimonial/testimonial-04.jpg]
[moversco-demo.pbminfotech.com/html-demo/images/homepage-6/testimonial/testimonial-05.jpg]
[moversco-demo.pbminfotech.com/html-demo/images/homepage-6/blog/blog-01.jpg]
[moversco-demo.pbminfotech.com/html-demo/images/homepage-6/blog/blog-02.jpg]
[moversco-demo.pbminfotech.com/html-demo/images/homepage-6/blog/blog-03.jpg]
[moversco-demo.pbminfotech.com/html-demo/images/homepage-4/footer-logo.png]
[moversco-demo.pbminfotech.com/html-demo/images/homepage-4/logo-white.png]
[moversco-demo.pbminfotech.com/html-demo/js/jquery.min.js]
[moversco-demo.pbminfotech.com/html-demo/js/popper.min.js]
[moversco-demo.pbminfotech.com/html-demo/js/bootstrap.min.js]
[moversco-demo.pbminfotech.com/html-demo/js/jquery.waypoints.min.js]
[moversco-demo.pbminfotech.com/html-demo/js/jquery.appear.js]
[moversco-demo.pbminfotech.com/html-demo/js/numinate.min.js]
[moversco-demo.pbminfotech.com/html-demo/js/swiper.min.js]
[moversco-demo.pbminfotech.com/html-demo/js/jquery.magnific-popup.min.js]
[moversco-demo.pbminfotech.com/html-demo/js/circle-progress.js]
[moversco-demo.pbminfotech.com/html-demo/js/aos.js]
[moversco-demo.pbminfotech.com/html-demo/js/scripts.js]
[moversco-demo.pbminfotech.com/html-demo/revolution/rslider.js]
[moversco-demo.pbminfotech.com/html-demo/revolution/rbtools.min.js]
[moversco-demo.pbminfotech.com/html-demo/index.html]
[moversco-demo.pbminfotech.com/html-demo/css/bootstrap.min.css]
[moversco-demo.pbminfotech.com/html-demo/revolution/rs6.min.js]
[moversco-demo.pbminfotech.com/html-demo/fonts/fontawesome-webfont3e6e.eot]
[moversco-demo.pbminfotech.com/html-demo/fonts/fontawesome-webfontd41d.eot]
[moversco-demo.pbminfotech.com/html-demo/fonts/fontawesome-webfont3e6e.woff2]
[moversco-demo.pbminfotech.com/html-demo/fonts/fontawesome-webfont3e6e.woff]
[moversco-demo.pbminfotech.com/html-demo/fonts/fontawesome-webfont3e6e.ttf]
[moversco-demo.pbminfotech.com/html-demo/css/fontawesome.css]
[moversco-demo.pbminfotech.com/html-demo/fonts/flaticon.eot]
[moversco-demo.pbminfotech.com/html-demo/fonts/flaticond41d.eot]
[moversco-demo.pbminfotech.com/html-demo/fonts/flaticon.woff2]
[moversco-demo.pbminfotech.com/html-demo/fonts/flaticon.woff]
[moversco-demo.pbminfotech.com/html-demo/fonts/flaticon.ttf]
[moversco-demo.pbminfotech.com/html-demo/css/flaticon.css]
[moversco-demo.pbminfotech.com/html-demo/fonts/pbminfotech-base-icons42af.eot]
[moversco-demo.pbminfotech.com/html-demo/fonts/pbminfotech-base-icons42af.woff2]
[moversco-demo.pbminfotech.com/html-demo/fonts/pbminfotech-base-icons42af.woff]
[moversco-demo.pbminfotech.com/html-demo/fonts/pbminfotech-base-icons42af.ttf]
[moversco-demo.pbminfotech.com/html-demo/css/pbminfotech-base-icons.css]
[moversco-demo.pbminfotech.com/html-demo/css/aos.css]
[moversco-demo.pbminfotech.com/html-demo/css/swiper.min.css]
[moversco-demo.pbminfotech.com/html-demo/css/magnific-popup.css]
[moversco-demo.pbminfotech.com/html-demo/images/homepage-1/title-bg.jpg]
[moversco-demo.pbminfotech.com/html-demo/css/shortcode.css]
[moversco-demo.pbminfotech.com/html-demo/fonts/themify9f24.eot]
[moversco-demo.pbminfotech.com/html-demo/fonts/themifyd41d.eot]
[moversco-demo.pbminfotech.com/html-demo/fonts/themify9f24.woff]
[moversco-demo.pbminfotech.com/html-demo/fonts/themify9f24.ttf]
[moversco-demo.pbminfotech.com/html-demo/css/themify-icons.css]
[moversco-demo.pbminfotech.com/html-demo/css/demo-2.css]
[moversco-demo.pbminfotech.com/html-demo/css/base.css]
[moversco-demo.pbminfotech.com/html-demo/images/homepage-1/bg/bg-01.jpg]
[moversco-demo.pbminfotech.com/html-demo/images/homepage-1/bg/testmonial-bg.jpg]
[moversco-demo.pbminfotech.com/html-demo/images/homepage-2/bg/bg-01.jpg]
[moversco-demo.pbminfotech.com/html-demo/images/homepage-2/bg/bg-02.jpg]
[moversco-demo.pbminfotech.com/html-demo/images/homepage-2/bg/bg-03.png]
[moversco-demo.pbminfotech.com/html-demo/images/homepage-3/bg/img-01.jpg]
[moversco-demo.pbminfotech.com/html-demo/images/homepage-3/bg/img-02.jpg]
[moversco-demo.pbminfotech.com/html-demo/images/homepage-4/bg/img-01.jpg]
[moversco-demo.pbminfotech.com/html-demo/images/homepage-4/bg/img-04.jpg]
[moversco-demo.pbminfotech.com/html-demo/images/homepage-4/bg/img-02.jpg]
[moversco-demo.pbminfotech.com/html-demo/images/homepage-4/bg/img-03.jpg]
[moversco-demo.pbminfotech.com/html-demo/images/homepage-5/step-01.png]
[moversco-demo.pbminfotech.com/html-demo/images/homepage-5/step-02.png]
[moversco-demo.pbminfotech.com/html-demo/images/homepage-5/bg/map-02.png]
[moversco-demo.pbminfotech.com/html-demo/images/homepage-5/bg/img-02.jpg]
[moversco-demo.pbminfotech.com/html-demo/images/homepage-5/bg/bg-03.jpg]
[moversco-demo.pbminfotech.com/html-demo/images/homepage-6/bg/transparent-bg.png]
[moversco-demo.pbminfotech.com/html-demo/images/homepage-6/bg/testmonial-side-bg.png]
[moversco-demo.pbminfotech.com/html-demo/images/homepage-7/bg/bg-01.jpg]
[moversco-demo.pbminfotech.com/html-demo/images/homepage-8/bg/bg-01.jpg]
[moversco-demo.pbminfotech.com/html-demo/images/homepage-8/bg/testimonial-bg.png]
[moversco-demo.pbminfotech.com/html-demo/images/homepage-8/bg/bg-02.jpg]
[moversco-demo.pbminfotech.com/html-demo/images/about-us-03/bg/bg-01.jpg]
[moversco-demo.pbminfotech.com/html-demo/images/homepage-1/service/service-widget.jpg]
[moversco-demo.pbminfotech.com/html-demo/css/style.css]
[moversco-demo.pbminfotech.com/html-demo/css/responsive.css]
[moversco-demo.pbminfotech.com/html-demo/images/ajax-loading.gif]
[moversco-demo.pbminfotech.com/html-demo/revolution/rs6.css]
[moversco-demo.pbminfotech.com/html-demo/index-2.html]
[moversco-demo.pbminfotech.com/html-demo/images/homepage-2/logo.png]
[moversco-demo.pbminfotech.com/html-demo/revolution/images/banner-03.jpg]
[moversco-demo.pbminfotech.com/html-demo/revolution/images/banner-04.jpg]
[moversco-demo.pbminfotech.com/html-demo/images/homepage-2/sing.jpg]
[moversco-demo.pbminfotech.com/html-demo/images/homepage-2/img-01.jpg]
[moversco-demo.pbminfotech.com/html-demo/images/homepage-2/service/service-01.jpg]
[moversco-demo.pbminfotech.com/html-demo/images/homepage-2/service/service-02.jpg]
[moversco-demo.pbminfotech.com/html-demo/images/homepage-2/service/service-03.jpg]
[moversco-demo.pbminfotech.com/html-demo/images/homepage-2/client/Client-01.png]
[moversco-demo.pbminfotech.com/html-demo/images/homepage-2/client/Client-02.png]
[moversco-demo.pbminfotech.com/html-demo/images/homepage-2/client/Client-03.png]
[moversco-demo.pbminfotech.com/html-demo/images/homepage-2/client/Client-04.png]
[moversco-demo.pbminfotech.com/html-demo/images/homepage-2/client/Client-05.png]
[moversco-demo.pbminfotech.com/html-demo/images/homepage-2/team/team-01.jpg]
[moversco-demo.pbminfotech.com/html-demo/images/homepage-2/team/team-02.jpg]
[moversco-demo.pbminfotech.com/html-demo/images/homepage-2/team/team-03.jpg]
[moversco-demo.pbminfotech.com/html-demo/images/homepage-2/team/team-04.jpg]
[moversco-demo.pbminfotech.com/html-demo/images/homepage-2/blog/blog-01.jpg]
[moversco-demo.pbminfotech.com/html-demo/images/homepage-2/blog/blog-1.jpg]
[moversco-demo.pbminfotech.com/html-demo/images/homepage-2/blog/blog-2.jpg]
[moversco-demo.pbminfotech.com/html-demo/images/homepage-2/blog/blog-3.jpg]
[moversco-demo.pbminfotech.com/html-demo/images/homepage-2/blog/blog-4.jpg]
[moversco-demo.pbminfotech.com/html-demo/images/logo-white.png]
[moversco-demo.pbminfotech.com/html-demo/homepage-2.html]
[moversco-demo.pbminfotech.com/html-demo/images/homepage-3/logo-white.png]
[moversco-demo.pbminfotech.com/html-demo/images/homepage-3/logo.png]
[moversco-demo.pbminfotech.com/html-demo/revolution/images/banner-05.jpg]
[moversco-demo.pbminfotech.com/html-demo/revolution/images/video.png]
[moversco-demo.pbminfotech.com/html-demo/revolution/images/banner-06.jpg]
[moversco-demo.pbminfotech.com/html-demo/images/homepage-3/project/project-01.jpg]
[moversco-demo.pbminfotech.com/html-demo/images/homepage-3/project/project-02.jpg]
[moversco-demo.pbminfotech.com/html-demo/images/homepage-3/project/project-03.jpg]
[moversco-demo.pbminfotech.com/html-demo/images/homepage-3/project/project-04.jpg]
[moversco-demo.pbminfotech.com/html-demo/images/homepage-3/project/project-05.jpg]
[moversco-demo.pbminfotech.com/html-demo/images/homepage-3/project/project-06.jpg]
[moversco-demo.pbminfotech.com/html-demo/images/homepage-3/testimonial/testimonial-01.jpg]
[moversco-demo.pbminfotech.com/html-demo/images/homepage-3/testimonial/testimonial-02.jpg]
[moversco-demo.pbminfotech.com/html-demo/images/homepage-3/testimonial/testimonial-03.jpg]
[moversco-demo.pbminfotech.com/html-demo/images/homepage-3/blog/blog-01.jpg]
[moversco-demo.pbminfotech.com/html-demo/images/homepage-3/blog/blog-02.jpg]
[moversco-demo.pbminfotech.com/html-demo/images/homepage-3/blog/blog-03.jpg]
[moversco-demo.pbminfotech.com/html-demo/homepage-3.html]
[moversco-demo.pbminfotech.com/html-demo/images/homepage-4/logo.png]
[moversco-demo.pbminfotech.com/html-demo/revolution/images/slider-04-a.jpg]
[moversco-demo.pbminfotech.com/html-demo/revolution/images/slider-04-b.jpg]
[moversco-demo.pbminfotech.com/html-demo/images/homepage-4/form-img.png]
[moversco-demo.pbminfotech.com/html-demo/images/homepage-4/map-02.png]
[moversco-demo.pbminfotech.com/html-demo/images/homepage-4/client/Client-01.png]
[moversco-demo.pbminfotech.com/html-demo/images/homepage-4/client/Client-02.png]
[moversco-demo.pbminfotech.com/html-demo/images/homepage-4/client/Client-03.png]
[moversco-demo.pbminfotech.com/html-demo/images/homepage-4/client/Client-04.png]
[moversco-demo.pbminfotech.com/html-demo/images/homepage-4/client/Client-05.png]
[moversco-demo.pbminfotech.com/html-demo/images/homepage-4/service/service-01.jpg]
[moversco-demo.pbminfotech.com/html-demo/images/homepage-4/service/service-02.jpg]
[moversco-demo.pbminfotech.com/html-demo/images/homepage-4/service/service-03.jpg]
[moversco-demo.pbminfotech.com/html-demo/images/homepage-4/service/service-04.jpg]
[moversco-demo.pbminfotech.com/html-demo/images/homepage-4/service/service-05.jpg]
[moversco-demo.pbminfotech.com/html-demo/images/homepage-4/service/service-06.jpg]
[moversco-demo.pbminfotech.com/html-demo/images/homepage-4/service/service-07.jpg]
[moversco-demo.pbminfotech.com/html-demo/images/homepage-4/service/service-08.jpg]
[moversco-demo.pbminfotech.com/html-demo/images/homepage-4/service/service-09.jpg]
[moversco-demo.pbminfotech.com/html-demo/images/homepage-4/blog/blog-01.jpg]
[moversco-demo.pbminfotech.com/html-demo/images/homepage-4/blog/blog-02.jpg]
[moversco-demo.pbminfotech.com/html-demo/images/homepage-4/blog/blog-03.jpg]
[moversco-demo.pbminfotech.com/html-demo/homepage-4.html]
[moversco-demo.pbminfotech.com/html-demo/images/homepage-5/logo-white.png]
[moversco-demo.pbminfotech.com/html-demo/images/homepage-5/logo.png]
[moversco-demo.pbminfotech.com/html-demo/revolution/images/slider-05-a.jpg]
[moversco-demo.pbminfotech.com/html-demo/revolution/images/slider-05-b.jpg]
[moversco-demo.pbminfotech.com/html-demo/images/homepage-5/img-01.jpg]
[moversco-demo.pbminfotech.com/html-demo/images/homepage-5/signature.png]
[moversco-demo.pbminfotech.com/html-demo/images/homepage-5/client/Client-01.png]
[moversco-demo.pbminfotech.com/html-demo/images/homepage-5/client/Client-02.png]
[moversco-demo.pbminfotech.com/html-demo/images/homepage-5/client/Client-03.png]
[moversco-demo.pbminfotech.com/html-demo/images/homepage-5/client/Client-04.png]
[moversco-demo.pbminfotech.com/html-demo/images/homepage-5/team/team-01.jpg]
[moversco-demo.pbminfotech.com/html-demo/images/homepage-5/team/team-02.jpg]
[moversco-demo.pbminfotech.com/html-demo/images/homepage-5/team/team-03.jpg]
[moversco-demo.pbminfotech.com/html-demo/images/homepage-5/team/team-04.jpg]
[moversco-demo.pbminfotech.com/html-demo/images/homepage-5/blog/blog-01.jpg]
[moversco-demo.pbminfotech.com/html-demo/images/homepage-5/blog/blog-02.jpg]
[moversco-demo.pbminfotech.com/html-demo/images/homepage-5/blog/blog-03.jpg]
[moversco-demo.pbminfotech.com/html-demo/homepage-5.html]
[moversco-demo.pbminfotech.com/html-demo/images/homepage-1/logo-white-dark.png]
[moversco-demo.pbminfotech.com/html-demo/images/homepage-1/logo-black.png]
[moversco-demo.pbminfotech.com/html-demo/images/homepage-1/logo.png]
[moversco-demo.pbminfotech.com/html-demo/revolution/images/banner-01.jpg]
[moversco-demo.pbminfotech.com/html-demo/revolution/images/banner-02.jpg]
[moversco-demo.pbminfotech.com/html-demo/images/homepage-1/service/service-01.jpg]
[moversco-demo.pbminfotech.com/html-demo/images/homepage-1/service/service-02.jpg]
[moversco-demo.pbminfotech.com/html-demo/images/homepage-1/service/service-03.jpg]
[moversco-demo.pbminfotech.com/html-demo/images/homepage-1/service/service-04.jpg]
[moversco-demo.pbminfotech.com/html-demo/images/homepage-1/service/service-05.jpg]
[moversco-demo.pbminfotech.com/html-demo/images/homepage-1/service/service-06.jpg]
[moversco-demo.pbminfotech.com/html-demo/images/homepage-1/client/Client-01.png]
[moversco-demo.pbminfotech.com/html-demo/images/homepage-1/client/Client-02.png]
[moversco-demo.pbminfotech.com/html-demo/images/homepage-1/client/Client-03.png]
[moversco-demo.pbminfotech.com/html-demo/images/homepage-1/client/Client-04.png]
[moversco-demo.pbminfotech.com/html-demo/images/homepage-1/client/Client-05.png]
[moversco-demo.pbminfotech.com/html-demo/images/homepage-1/team/team-01.jpg]
[moversco-demo.pbminfotech.com/html-demo/images/homepage-1/team/team-02.jpg]
[moversco-demo.pbminfotech.com/html-demo/images/homepage-1/team/team-03.jpg]
[moversco-demo.pbminfotech.com/html-demo/images/homepage-1/team/team-04.jpg]
[moversco-demo.pbminfotech.com/html-demo/images/homepage-1/blog/blog-01.jpg]
[moversco-demo.pbminfotech.com/html-demo/images/homepage-1/blog/blog-02.jpg]
[moversco-demo.pbminfotech.com/html-demo/homepage-6.html]
[moversco-demo.pbminfotech.com/html-demo/images/homepage-1/blog/blog-03.jpg]
[moversco-demo.pbminfotech.com/html-demo/images/logo.png]
[moversco-demo.pbminfotech.com/html-demo/revolution/images/slider-7-01-2.jpg]
[moversco-demo.pbminfotech.com/html-demo/revolution/images/slider7-02.jpg]
[moversco-demo.pbminfotech.com/html-demo/revolution/images/slider7-03.jpg]
[moversco-demo.pbminfotech.com/html-demo/images/homepage-7/about-us-img.jpg]
[moversco-demo.pbminfotech.com/html-demo/images/homepage-7/service/service-01.jpg]
[moversco-demo.pbminfotech.com/html-demo/images/homepage-7/service/service-02.jpg]
[moversco-demo.pbminfotech.com/html-demo/images/homepage-7/service/service-03.jpg]
[moversco-demo.pbminfotech.com/html-demo/images/homepage-7/service/service-04.jpg]
[moversco-demo.pbminfotech.com/html-demo/images/homepage-7/service/service-05.jpg]
[moversco-demo.pbminfotech.com/html-demo/images/homepage-7/service/service-06.jpg]
[moversco-demo.pbminfotech.com/html-demo/images/homepage-7/service/service-07.jpg]
[moversco-demo.pbminfotech.com/html-demo/images/homepage-7/service/service-08.jpg]
[moversco-demo.pbminfotech.com/html-demo/images/homepage-7/service/service-09.jpg]
[moversco-demo.pbminfotech.com/html-demo/images/homepage-7/truct.png]
[moversco-demo.pbminfotech.com/html-demo/images/homepage-7/team/team-01.jpg]
[moversco-demo.pbminfotech.com/html-demo/images/homepage-7/team/team-02.jpg]
[moversco-demo.pbminfotech.com/html-demo/images/homepage-7/team/team-03.jpg]
[moversco-demo.pbminfotech.com/html-demo/images/homepage-7/team/team-04.jpg]
[moversco-demo.pbminfotech.com/html-demo/images/homepage-7/testimonial/testimonial-01.jpg]
[moversco-demo.pbminfotech.com/html-demo/images/homepage-7/testimonial/testimonial-02.jpg]
[moversco-demo.pbminfotech.com/html-demo/images/homepage-7/testimonial/testimonial-03.jpg]
[moversco-demo.pbminfotech.com/html-demo/images/homepage-7/client/Client-01.png]
[moversco-demo.pbminfotech.com/html-demo/images/homepage-7/client/Client-02.png]
[moversco-demo.pbminfotech.com/html-demo/images/homepage-7/client/Client-03.png]
[moversco-demo.pbminfotech.com/html-demo/images/homepage-7/client/Client-04.png]
[moversco-demo.pbminfotech.com/html-demo/images/homepage-7/client/Client-05.png]
[moversco-demo.pbminfotech.com/html-demo/images/homepage-7/client/Client-06.png]
[moversco-demo.pbminfotech.com/html-demo/images/homepage-7/blog/blog-01.jpg]
[moversco-demo.pbminfotech.com/html-demo/images/homepage-7/blog/blog-02.jpg]
[moversco-demo.pbminfotech.com/html-demo/images/homepage-7/blog/blog-03.jpg]
[moversco-demo.pbminfotech.com/html-demo/images/homepage-7/blog/blog-04.jpg]
[moversco-demo.pbminfotech.com/html-demo/homepage-7.html]
[moversco-demo.pbminfotech.com/html-demo/images/homepage-8/logo.png]
[moversco-demo.pbminfotech.com/html-demo/revolution/images/slider-8-01.jpg]
[moversco-demo.pbminfotech.com/html-demo/revolution/images/slider8-02.jpg]
[moversco-demo.pbminfotech.com/html-demo/revolution/images/slider8-03.jpg]
[moversco-demo.pbminfotech.com/html-demo/images/homepage-8/service/service-01.jpg]
[moversco-demo.pbminfotech.com/html-demo/images/homepage-8/service/service-02.jpg]
[moversco-demo.pbminfotech.com/html-demo/images/homepage-8/service/service-03.jpg]
[moversco-demo.pbminfotech.com/html-demo/images/homepage-8/service/service-04.jpg]
[moversco-demo.pbminfotech.com/html-demo/images/homepage-8/service/service-05.jpg]
[moversco-demo.pbminfotech.com/html-demo/images/homepage-8/service/service-06.jpg]
[moversco-demo.pbminfotech.com/html-demo/images/homepage-8/service/service-07.jpg]
[moversco-demo.pbminfotech.com/html-demo/images/homepage-8/service/service-08.jpg]
[moversco-demo.pbminfotech.com/html-demo/images/homepage-8/service/service-09.jpg]
[moversco-demo.pbminfotech.com/html-demo/images/homepage-8/blog/blog-01.jpg]
[moversco-demo.pbminfotech.com/html-demo/images/homepage-8/blog/blog-02.jpg]
[moversco-demo.pbminfotech.com/html-demo/images/homepage-8/blog/blog-03.jpg]
[moversco-demo.pbminfotech.com/html-demo/images/homepage-8/logo-white.png]
[moversco-demo.pbminfotech.com/html-demo/homepage-8.html]
[moversco-demo.pbminfotech.com/html-demo/images/homepage-1/about-img-01.jpg]
[moversco-demo.pbminfotech.com/html-demo/images/homepage-1/about-img-02.jpg]
[moversco-demo.pbminfotech.com/html-demo/images/homepage-1/team/team-01-new.jpg]
[moversco-demo.pbminfotech.com/html-demo/images/homepage-1/team/team-02-new.jpg]
[moversco-demo.pbminfotech.com/html-demo/images/homepage-1/team/team-03-new.jpg]
[moversco-demo.pbminfotech.com/html-demo/images/homepage-1/team/team-04-new.jpg]
[moversco-demo.pbminfotech.com/html-demo/about-us.html]
[moversco-demo.pbminfotech.com/html-demo/images/about-us-02/service/service-01.jpg]
[moversco-demo.pbminfotech.com/html-demo/images/about-us-02/service/service-02.jpg]
[moversco-demo.pbminfotech.com/html-demo/images/about-us-02/service/service-03.jpg]
[moversco-demo.pbminfotech.com/html-demo/images/about-us-02/service/service-04.jpg]
[moversco-demo.pbminfotech.com/html-demo/images/about-us-02/service/service-05.jpg]
[moversco-demo.pbminfotech.com/html-demo/images/about-us-02/service/service-06.jpg]
[moversco-demo.pbminfotech.com/html-demo/images/about-us-02/service/service-07.jpg]
[moversco-demo.pbminfotech.com/html-demo/images/about-us-02/service/service-08.jpg]
[moversco-demo.pbminfotech.com/html-demo/images/about-us-02/service/service-09.jpg]
[moversco-demo.pbminfotech.com/html-demo/images/team/team-06.jpg]
[moversco-demo.pbminfotech.com/html-demo/images/team/team-05.jpg]
[moversco-demo.pbminfotech.com/html-demo/images/team/team-01.jpg]
[moversco-demo.pbminfotech.com/html-demo/images/team/team-03.jpg]
[moversco-demo.pbminfotech.com/html-demo/about-us-02.html]
[moversco-demo.pbminfotech.com/html-demo/images/about-us-03/about-us-01.jpg]
[moversco-demo.pbminfotech.com/html-demo/images/about-us-03/about-us-02.jpg]
[moversco-demo.pbminfotech.com/html-demo/images/about-us-03/service/service-01.jpg]
[moversco-demo.pbminfotech.com/html-demo/images/about-us-03/service/service-02.jpg]
[moversco-demo.pbminfotech.com/html-demo/images/about-us-03/service/service-03.jpg]
[moversco-demo.pbminfotech.com/html-demo/images/about-us-03/service/service-04.jpg]
[moversco-demo.pbminfotech.com/html-demo/images/about-us-03/service/service-05.jpg]
[moversco-demo.pbminfotech.com/html-demo/images/about-us-03/service/service-06.jpg]
[moversco-demo.pbminfotech.com/html-demo/images/about-us-03/service/service-07.jpg]
[moversco-demo.pbminfotech.com/html-demo/images/about-us-03/service/service-08.jpg]
[moversco-demo.pbminfotech.com/html-demo/images/about-us-03/service/service-09.jpg]
[moversco-demo.pbminfotech.com/html-demo/about-us-03.html]
[moversco-demo.pbminfotech.com/html-demo/images/team/team-02.jpg]
[moversco-demo.pbminfotech.com/html-demo/images/team/team-04.jpg]
[moversco-demo.pbminfotech.com/html-demo/our-team.html]
[moversco-demo.pbminfotech.com/html-demo/images/team/team-01-new.jpg]
[moversco-demo.pbminfotech.com/html-demo/team-details.html]
[moversco-demo.pbminfotech.com/html-demo/faq.html]
[moversco-demo.pbminfotech.com/html-demo/images/portfolio/portfolio-01.jpg]
[moversco-demo.pbminfotech.com/html-demo/images/portfolio/portfolio-02.jpg]
[moversco-demo.pbminfotech.com/html-demo/images/portfolio/portfolio-03.jpg]
[moversco-demo.pbminfotech.com/html-demo/images/portfolio/portfolio-04.jpg]
[moversco-demo.pbminfotech.com/html-demo/images/portfolio/portfolio-05.jpg]
[moversco-demo.pbminfotech.com/html-demo/images/portfolio/portfolio-06.jpg]
[moversco-demo.pbminfotech.com/html-demo/images/portfolio/portfolio-07.jpg]
[moversco-demo.pbminfotech.com/html-demo/images/portfolio/portfolio-08.jpg]
[moversco-demo.pbminfotech.com/html-demo/images/portfolio/portfolio-09.jpg]
[moversco-demo.pbminfotech.com/html-demo/images/portfolio/portfolio-10.jpg]
[moversco-demo.pbminfotech.com/html-demo/images/portfolio/portfolio-11.jpg]
[moversco-demo.pbminfotech.com/html-demo/images/portfolio/portfolio-12.jpg]
[moversco-demo.pbminfotech.com/html-demo/projects-style-1.html]
[moversco-demo.pbminfotech.com/html-demo/images/portfolio/portfolio-01-new.jpg]
[moversco-demo.pbminfotech.com/html-demo/images/portfolio/portfolio-02-new.jpg]
[moversco-demo.pbminfotech.com/html-demo/images/portfolio/portfolio-03-new.jpg]
[moversco-demo.pbminfotech.com/html-demo/images/portfolio/portfolio-04-new.jpg]
[moversco-demo.pbminfotech.com/html-demo/images/portfolio/portfolio-05-new.jpg]
[moversco-demo.pbminfotech.com/html-demo/images/portfolio/portfolio-06-new.jpg]
[moversco-demo.pbminfotech.com/html-demo/images/portfolio/portfolio-07-new.jpg]
[moversco-demo.pbminfotech.com/html-demo/images/portfolio/portfolio-08-new.jpg]
[moversco-demo.pbminfotech.com/html-demo/images/portfolio/portfolio-09-new.jpg]
[moversco-demo.pbminfotech.com/html-demo/images/portfolio/portfolio-10-new.jpg]
[moversco-demo.pbminfotech.com/html-demo/images/portfolio/portfolio-11-new.jpg]
[moversco-demo.pbminfotech.com/html-demo/images/portfolio/portfolio-12-new.jpg]
[moversco-demo.pbminfotech.com/html-demo/projects-style-2.html]
[moversco-demo.pbminfotech.com/html-demo/projects-style-3.html]
[moversco-demo.pbminfotech.com/html-demo/images/portfolio/portfolio-big.jpg]
[moversco-demo.pbminfotech.com/html-demo/projects-single.html]
[moversco-demo.pbminfotech.com/html-demo/images/service/service-01.jpg]
[moversco-demo.pbminfotech.com/html-demo/images/service/service-02.jpg]
[moversco-demo.pbminfotech.com/html-demo/images/service/service-03.jpg]
[moversco-demo.pbminfotech.com/html-demo/images/service/service-04.jpg]
[moversco-demo.pbminfotech.com/html-demo/images/service/service-05.jpg]
[moversco-demo.pbminfotech.com/html-demo/images/service/service-06.jpg]
[moversco-demo.pbminfotech.com/html-demo/images/service/service-07.jpg]
[moversco-demo.pbminfotech.com/html-demo/images/service/service-08.jpg]
[moversco-demo.pbminfotech.com/html-demo/images/service/service-09.jpg]
[moversco-demo.pbminfotech.com/html-demo/services.html]
[moversco-demo.pbminfotech.com/html-demo/images/homepage-1/service/service-01new.jpg]
[moversco-demo.pbminfotech.com/html-demo/images/homepage-1/service/img-02.jpg]
[moversco-demo.pbminfotech.com/html-demo/services-details.html]
[moversco-demo.pbminfotech.com/html-demo/images/blog/blog-01.jpg]
[moversco-demo.pbminfotech.com/html-demo/images/blog/blog-02.jpg]
[moversco-demo.pbminfotech.com/html-demo/images/blog/blog-03.jpg]
[moversco-demo.pbminfotech.com/html-demo/images/blog/blog-04.jpg]
[moversco-demo.pbminfotech.com/html-demo/images/blog/blog-05.jpg]
[moversco-demo.pbminfotech.com/html-demo/images/blog/blog-06.jpg]
[moversco-demo.pbminfotech.com/html-demo/images/blog/blog-08.jpg]
[moversco-demo.pbminfotech.com/html-demo/images/blog/blog-07.jpg]
[moversco-demo.pbminfotech.com/html-demo/images/homepage-1/recent-post/blog-01.jpg]
[moversco-demo.pbminfotech.com/html-demo/images/homepage-1/recent-post/blog-02.jpg]
[moversco-demo.pbminfotech.com/html-demo/images/homepage-1/recent-post/blog-03.jpg]
[moversco-demo.pbminfotech.com/html-demo/images/homepage-1/recent-post/blog-04.jpg]
[moversco-demo.pbminfotech.com/html-demo/blog-large-image.html]
[moversco-demo.pbminfotech.com/html-demo/images/blog/blog-01-new.jpg]
[moversco-demo.pbminfotech.com/html-demo/images/blog/blog-02-new.jpg]
[moversco-demo.pbminfotech.com/html-demo/images/blog/blog-03-new.jpg]
[moversco-demo.pbminfotech.com/html-demo/images/blog/blog-04-new.jpg]
[moversco-demo.pbminfotech.com/html-demo/images/blog/blog-05-new.jpg]
[moversco-demo.pbminfotech.com/html-demo/images/blog/blog-06-new.jpg]
[moversco-demo.pbminfotech.com/html-demo/images/blog/blog-09-new.jpg]
[moversco-demo.pbminfotech.com/html-demo/images/blog/blog-08-new.jpg]
[moversco-demo.pbminfotech.com/html-demo/blog-grid-view.html]
[moversco-demo.pbminfotech.com/html-demo/images/homepage-1/blog/img-02-new.jpg]
[moversco-demo.pbminfotech.com/html-demo/images/homepage-1/blog/img-03-new.jpg]
[moversco-demo.pbminfotech.com/html-demo/images/homepage-1/avatar/img-01.png]
[moversco-demo.pbminfotech.com/html-demo/blog-single-view.html]
[moversco-demo.pbminfotech.com/html-demo/images/homepage-1/avatar/img-02.png]
[moversco-demo.pbminfotech.com/html-demo/contacts.html]
[moversco-demo.pbminfotech.com/html-demo/fonts/fontawesome-webfont3e6e.svg]
[moversco-demo.pbminfotech.com/html-demo/fonts/flaticon.svg]
[moversco-demo.pbminfotech.com/html-demo/fonts/pbminfotech-base-icons42af.svg]
[moversco-demo.pbminfotech.com/html-demo/fonts/themify9f24.svg]
[moversco-demo.pbminfotech.com/html-demo/images/coworking/pbmit-ads.html]
[moversco-demo.pbminfotech.com/html-demo/fonts/revicons/revicons90c6.html]
[moversco-demo.pbminfotech.com/html-demo/fonts/revicons/revicons90c6-2.html]
[moversco-demo.pbminfotech.com/html-demo/fonts/revicons/revicons90c6-3.html]
[moversco-demo.pbminfotech.com/html-demo/fonts/revicons/revicons90c6-4.html]
[moversco-demo.pbminfotech.com/html-demo/revolution/openhand.html]
[moversco-demo.pbminfotech.com/html-demo/revolution/closedhand.html]
[moversco-demo.pbminfotech.com/html-demo/assets/gridtile.html]
[moversco-demo.pbminfotech.com/html-demo/assets/gridtile_white.html]
[moversco-demo.pbminfotech.com/html-demo/assets/gridtile_3x3.html]
[moversco-demo.pbminfotech.com/html-demo/assets/gridtile_3x3_white.html]
[moversco-demo.pbminfotech.com/html-demo/assets/coloredbg.html]
[moversco-demo.pbminfotech.com/html-demo/assets/loader.html]
[moversco-demo.pbminfotech.com/html-demo/css/demo-1.css]
[moversco-demo.pbminfotech.com/html-demo/project-style-1.html]
[moversco-demo.pbminfotech.com/html-demo/css/demo-3.css]
[moversco-demo.pbminfotech.com/html-demo/css/demo-4.css]
[moversco-demo.pbminfotech.com/html-demo/js/jquery-validate/jquery.validate.min.js]
